23:10:17 **** Incremental Build of configuration Debug for project adc_probe8 ****
make -j4 all 
arm-none-eabi-gcc "../Core/Src/main.c" -mcpu=cortex-m0plus -std=gnu11 -g3 -DDEBUG -DUSE_HAL_DRIVER -DSTM32G070xx -c -I../Core/Inc -I../Drivers/STM32G0xx_HAL_Driver/Inc -I../Drivers/STM32G0xx_HAL_Driver/Inc/Legacy -I../Drivers/CMSIS/Device/ST/STM32G0xx/Include -I../Drivers/CMSIS/Include -O0 -ffunction-sections -fdata-sections -Wall -fstack-usage -fcyclomatic-complexity -MMD -MP -MF"Core/Src/main.d" -MT"Core/Src/main.o" --specs=nano.specs -mfloat-abi=soft -mthumb -o "Core/Src/main.o"
arm-none-eabi-gcc -o "adc_probe8.elf" @"objects.list"   -mcpu=cortex-m0plus -T"/home/tjp/Documents/GITHUB/dryer_adc_8_stm32/SW/adc_probe8/STM32G070CBTX_FLASH.ld" --specs=nosys.specs -Wl,-Map="adc_probe8.map" -Wl,--gc-sections -static --specs=nano.specs -mfloat-abi=soft -mthumb -Wl,--start-group -lc -lm -Wl,--end-group
/opt/st/stm32cubeide_1.15.1/plugins/com.st.stm32cube.ide.mcu.externaltools.gnu-tools-for-stm32.12.3.rel1.linux64_1.0.100.202403111256/tools/bin/../lib/gcc/arm-none-eabi/12.3.1/../../../../arm-none-eabi/bin/ld: warning: adc_probe8.elf has a LOAD segment with RWX permissions
Finished building target: adc_probe8.elf
 
arm-none-eabi-size  adc_probe8.elf 
arm-none-eabi-objdump -h -S adc_probe8.elf  > "adc_probe8.list"
   text	   data	    bss	    dec	    hex	filename
  30064	    124	   2636	  32824	   8038	adc_probe8.elf
Finished building: default.size.stdout
 
Finished building: adc_probe8.list
 

23:10:18 Build Finished. 0 errors, 1 warnings. (took 937ms)

