12:41:59 **** Incremental Build of configuration Debug for project adc_probe8 ****
make -j4 all 
arm-none-eabi-size   adc_probe8.elf 
   text	   data	    bss	    dec	    hex	filename
  28128	    124	   2364	  30616	   7798	adc_probe8.elf
Finished building: default.size.stdout
 
12:42:05 **** Incremental Build of configuration Debug for project adc_probe8 ****
make -j4 all 
arm-none-eabi-size   adc_probe8.elf 
   text	   data	    bss	    dec	    hex	filename
  28128	    124	   2364	  30616	   7798	adc_probe8.elf
Finished building: default.size.stdout
 
