../Core/Inc/utility.h:17:6:test_leds	8	static
../Core/Inc/crc.h:11:10:calculateCRC16	32	static
../Core/Src/main.c:101:6:calctemp	64	static
../Core/Src/main.c:123:5:echo_u1	32	static
../Core/Src/main.c:137:5:echo_u3	32	static
../Core/Src/main.c:152:6:select_adc_channel	32	static
../Core/Src/main.c:191:6:convert	16	static
../Core/Src/main.c:209:6:sendDataCal	72	dynamic
../Core/Src/main.c:230:5:main	16	static
../Core/Src/main.c:328:6:SystemClock_Config	88	static
../Core/Src/main.c:374:13:MX_ADC1_Init	24	static
../Core/Src/main.c:496:13:MX_CRC_Init	8	static
../Core/Src/main.c:527:13:MX_USART1_UART_Init	8	static
../Core/Src/main.c:575:13:MX_USART3_UART_Init	8	static
../Core/Src/main.c:611:13:MX_GPIO_Init	48	static
../Core/Src/main.c:663:6:Error_Handler	8	static,ignoring_inline_asm
